ninja: Entering directory `/home/andrew/feat/fiber-moments-bands/cmake-build-debug/cp313-cp313-linux_x86_64'
[0/2] Re-checking globbed directories...
[1/45] Building CXX object CMakeFiles/tessera_core.dir/src/chainhodge/BandDerivative.cpp.o
[2/45] Building CXX object CMakeFiles/tessera_core.dir/src/chainhodge/ChainHodge.cpp.o
[3/45] Building CXX object CMakeFiles/tessera_core.dir/src/chainhodge/CovariantChainHodge.cpp.o
[4/45] Building CXX object CMakeFiles/tessera_core.dir/src/chainhodge/DressedAnchor.cpp.o
[5/45] Building CXX object CMakeFiles/tessera_core.dir/src/chainhodge/FaceAnchor.cpp.o
[6/45] Building CXX object CMakeFiles/tessera_core.dir/src/chainhodge/GrownCellRule.cpp.o
[7/45] Building CXX object CMakeFiles/tessera_core.dir/src/chainhodge/LorentzianFamily.cpp.o
[8/45] Building CXX object CMakeFiles/tessera_core.dir/src/chainhodge/PencilSchur.cpp.o
[9/45] Building CXX object CMakeFiles/tessera_core.dir/src/chainhodge/SparsePencil.cpp.o
[10/45] Building CXX object CMakeFiles/tessera_core.dir/src/chainhodge/SparsePencilSolver.cpp.o
[11/45] Building CXX object CMakeFiles/tessera_core.dir/src/chainhodge/SparseRank.cpp.o
[12/45] Building CXX object CMakeFiles/tessera_core.dir/src/chainhodge/WhitneyMass.cpp.o
[13/45] Building CXX object CMakeFiles/tessera_core.dir/src/cobordism/BoundStatePole.cpp.o
[14/45] Building CXX object CMakeFiles/tessera_core.dir/src/cobordism/CobordismDAG.cpp.o
In file included from /home/andrew/feat/fiber-moments-bands/include/cobordism/CobordismDAG.h:16,
                 from /home/andrew/feat/fiber-moments-bands/src/cobordism/CobordismDAG.cpp:4:
/home/andrew/feat/fiber-moments-bands/include/cobordism/MultiCobordism.h:2337:9: warning: declaration of ‘using tessera::cobordism::MultiCobordism::ObjectiveTerms = struct tessera::cobordism::ObjectiveTerms’ changes meaning of ‘ObjectiveTerms’ [-Wchanges-meaning]
 2337 |   using ObjectiveTerms = ::tessera::cobordism::ObjectiveTerms;
      |         ^~~~~~~~~~~~~~
/home/andrew/feat/fiber-moments-bands/include/cobordism/MultiCobordism.h:1049:5: note: used here to mean ‘struct tessera::cobordism::ObjectiveTerms’
 1049 |     ObjectiveTerms terms;
      |     ^~~~~~~~~~~~~~
In file included from /home/andrew/feat/fiber-moments-bands/include/cobordism/MultiCobordism.h:12:
/home/andrew/feat/fiber-moments-bands/include/cobordism/CobordismObjective.h:35:8: note: declared here
   35 | struct ObjectiveTerms {
      |        ^~~~~~~~~~~~~~
[15/45] Building CXX object CMakeFiles/tessera_core.dir/src/cobordism/CobordismObjective.cpp.o
[16/45] Building CXX object CMakeFiles/tessera_core.dir/src/cobordism/DressedFluctuation.cpp.o
[17/45] Building CXX object CMakeFiles/tessera_core.dir/src/cobordism/HodgeLaplacian.cpp.o
[18/45] Building CXX object CMakeFiles/tessera_core.dir/src/cobordism/HolomorphicRelaxation.cpp.o
[19/45] Building CXX object CMakeFiles/tessera_core.dir/src/cobordism/JointAction.cpp.o
[20/45] Building CXX object CMakeFiles/tessera_core.dir/src/cobordism/LevelRecursion.cpp.o
[21/45] Building CXX object CMakeFiles/tessera_core.dir/src/cobordism/MultiCobordism.cpp.o
In file included from /home/andrew/feat/fiber-moments-bands/src/cobordism/MultiCobordism.cpp:4:
/home/andrew/feat/fiber-moments-bands/include/cobordism/MultiCobordism.h:2337:9: warning: declaration of ‘using tessera::cobordism::MultiCobordism::ObjectiveTerms = struct tessera::cobordism::ObjectiveTerms’ changes meaning of ‘ObjectiveTerms’ [-Wchanges-meaning]
 2337 |   using ObjectiveTerms = ::tessera::cobordism::ObjectiveTerms;
      |         ^~~~~~~~~~~~~~
/home/andrew/feat/fiber-moments-bands/include/cobordism/MultiCobordism.h:1049:5: note: used here to mean ‘struct tessera::cobordism::ObjectiveTerms’
 1049 |     ObjectiveTerms terms;
      |     ^~~~~~~~~~~~~~
In file included from /home/andrew/feat/fiber-moments-bands/include/cobordism/MultiCobordism.h:12:
/home/andrew/feat/fiber-moments-bands/include/cobordism/CobordismObjective.h:35:8: note: declared here
   35 | struct ObjectiveTerms {
      |        ^~~~~~~~~~~~~~
[22/45] Building CXX object CMakeFiles/tessera_core.dir/src/cobordism/PencilLayer.cpp.o
[23/45] Building CXX object CMakeFiles/tessera_core.dir/src/cobordism/ProtonIngredients.cpp.o
In file included from /home/andrew/feat/fiber-moments-bands/src/cobordism/ProtonIngredients.cpp:10:
/home/andrew/feat/fiber-moments-bands/include/cobordism/MultiCobordism.h:2337:9: warning: declaration of ‘using tessera::cobordism::MultiCobordism::ObjectiveTerms = struct tessera::cobordism::ObjectiveTerms’ changes meaning of ‘ObjectiveTerms’ [-Wchanges-meaning]
 2337 |   using ObjectiveTerms = ::tessera::cobordism::ObjectiveTerms;
      |         ^~~~~~~~~~~~~~
/home/andrew/feat/fiber-moments-bands/include/cobordism/MultiCobordism.h:1049:5: note: used here to mean ‘struct tessera::cobordism::ObjectiveTerms’
 1049 |     ObjectiveTerms terms;
      |     ^~~~~~~~~~~~~~
In file included from /home/andrew/feat/fiber-moments-bands/include/cobordism/MultiCobordism.h:12:
/home/andrew/feat/fiber-moments-bands/include/cobordism/CobordismObjective.h:35:8: note: declared here
   35 | struct ObjectiveTerms {
      |        ^~~~~~~~~~~~~~
[24/45] Building CXX object CMakeFiles/tessera_core.dir/src/cobordism/ProtonSynthesis.cpp.o
In file included from /home/andrew/feat/fiber-moments-bands/src/cobordism/ProtonSynthesis.cpp:12:
/home/andrew/feat/fiber-moments-bands/include/cobordism/MultiCobordism.h:2337:9: warning: declaration of ‘using tessera::cobordism::MultiCobordism::ObjectiveTerms = struct tessera::cobordism::ObjectiveTerms’ changes meaning of ‘ObjectiveTerms’ [-Wchanges-meaning]
 2337 |   using ObjectiveTerms = ::tessera::cobordism::ObjectiveTerms;
      |         ^~~~~~~~~~~~~~
/home/andrew/feat/fiber-moments-bands/include/cobordism/MultiCobordism.h:1049:5: note: used here to mean ‘struct tessera::cobordism::ObjectiveTerms’
 1049 |     ObjectiveTerms terms;
      |     ^~~~~~~~~~~~~~
In file included from /home/andrew/feat/fiber-moments-bands/include/cobordism/MultiCobordism.h:12:
/home/andrew/feat/fiber-moments-bands/include/cobordism/CobordismObjective.h:35:8: note: declared here
   35 | struct ObjectiveTerms {
      |        ^~~~~~~~~~~~~~
[25/45] Building CXX object CMakeFiles/tessera_core.dir/src/cobordism/RecursiveFiberSimulation.cpp.o
In file included from /home/andrew/feat/fiber-moments-bands/src/cobordism/RecursiveFiberSimulation.cpp:10:
/home/andrew/feat/fiber-moments-bands/include/cobordism/MultiCobordism.h:2337:9: warning: declaration of ‘using tessera::cobordism::MultiCobordism::ObjectiveTerms = struct tessera::cobordism::ObjectiveTerms’ changes meaning of ‘ObjectiveTerms’ [-Wchanges-meaning]
 2337 |   using ObjectiveTerms = ::tessera::cobordism::ObjectiveTerms;
      |         ^~~~~~~~~~~~~~
/home/andrew/feat/fiber-moments-bands/include/cobordism/MultiCobordism.h:1049:5: note: used here to mean ‘struct tessera::cobordism::ObjectiveTerms’
 1049 |     ObjectiveTerms terms;
      |     ^~~~~~~~~~~~~~
In file included from /home/andrew/feat/fiber-moments-bands/include/cobordism/MultiCobordism.h:12:
/home/andrew/feat/fiber-moments-bands/include/cobordism/CobordismObjective.h:35:8: note: declared here
   35 | struct ObjectiveTerms {
      |        ^~~~~~~~~~~~~~
[26/45] Building CXX object CMakeFiles/tessera_core.dir/src/cobordism/RecursiveQuotient.cpp.o
[27/45] Building CXX object CMakeFiles/tessera_core.dir/src/cobordism/SelfConsistentMeanField.cpp.o
[28/45] Building CXX object CMakeFiles/tessera_core.dir/src/observables/BlockResiduals.cpp.o
In file included from /home/andrew/feat/fiber-moments-bands/src/observables/BlockResiduals.cpp:9:
/home/andrew/feat/fiber-moments-bands/include/cobordism/MultiCobordism.h:2337:9: warning: declaration of ‘using tessera::cobordism::MultiCobordism::ObjectiveTerms = struct tessera::cobordism::ObjectiveTerms’ changes meaning of ‘ObjectiveTerms’ [-Wchanges-meaning]
 2337 |   using ObjectiveTerms = ::tessera::cobordism::ObjectiveTerms;
      |         ^~~~~~~~~~~~~~
/home/andrew/feat/fiber-moments-bands/include/cobordism/MultiCobordism.h:1049:5: note: used here to mean ‘struct tessera::cobordism::ObjectiveTerms’
 1049 |     ObjectiveTerms terms;
      |     ^~~~~~~~~~~~~~
In file included from /home/andrew/feat/fiber-moments-bands/include/cobordism/MultiCobordism.h:12:
/home/andrew/feat/fiber-moments-bands/include/cobordism/CobordismObjective.h:35:8: note: declared here
   35 | struct ObjectiveTerms {
      |        ^~~~~~~~~~~~~~
[29/45] Building CXX object CMakeFiles/tessera_core.dir/src/observables/EffectiveTopology.cpp.o
[30/45] Building CXX object CMakeFiles/tessera_core.dir/src/observables/ObservableGates.cpp.o
In file included from /home/andrew/feat/fiber-moments-bands/src/observables/ObservableGates.cpp:13:
/home/andrew/feat/fiber-moments-bands/include/cobordism/MultiCobordism.h:2337:9: warning: declaration of ‘using tessera::cobordism::MultiCobordism::ObjectiveTerms = struct tessera::cobordism::ObjectiveTerms’ changes meaning of ‘ObjectiveTerms’ [-Wchanges-meaning]
 2337 |   using ObjectiveTerms = ::tessera::cobordism::ObjectiveTerms;
      |         ^~~~~~~~~~~~~~
/home/andrew/feat/fiber-moments-bands/include/cobordism/MultiCobordism.h:1049:5: note: used here to mean ‘struct tessera::cobordism::ObjectiveTerms’
 1049 |     ObjectiveTerms terms;
      |     ^~~~~~~~~~~~~~
In file included from /home/andrew/feat/fiber-moments-bands/include/cobordism/MultiCobordism.h:12:
/home/andrew/feat/fiber-moments-bands/include/cobordism/CobordismObjective.h:35:8: note: declared here
   35 | struct ObjectiveTerms {
      |        ^~~~~~~~~~~~~~
[31/45] Building CXX object CMakeFiles/tessera_core.dir/src/observables/ParticleClusters.cpp.o
[32/45] Building CXX object CMakeFiles/tessera_core.dir/src/observables/PersistentModularity.cpp.o
[33/45] Building CXX object CMakeFiles/tessera_core.dir/src/observables/RegisterContext.cpp.o
In file included from /home/andrew/feat/fiber-moments-bands/src/observables/RegisterContext.cpp:14:
/home/andrew/feat/fiber-moments-bands/include/cobordism/MultiCobordism.h:2337:9: warning: declaration of ‘using tessera::cobordism::MultiCobordism::ObjectiveTerms = struct tessera::cobordism::ObjectiveTerms’ changes meaning of ‘ObjectiveTerms’ [-Wchanges-meaning]
 2337 |   using ObjectiveTerms = ::tessera::cobordism::ObjectiveTerms;
      |         ^~~~~~~~~~~~~~
/home/andrew/feat/fiber-moments-bands/include/cobordism/MultiCobordism.h:1049:5: note: used here to mean ‘struct tessera::cobordism::ObjectiveTerms’
 1049 |     ObjectiveTerms terms;
      |     ^~~~~~~~~~~~~~
In file included from /home/andrew/feat/fiber-moments-bands/include/cobordism/MultiCobordism.h:12:
/home/andrew/feat/fiber-moments-bands/include/cobordism/CobordismObjective.h:35:8: note: declared here
   35 | struct ObjectiveTerms {
      |        ^~~~~~~~~~~~~~
[34/45] Building CXX object CMakeFiles/tessera_core.dir/src/observables/SimplicialQubit.cpp.o
[35/45] Building CXX object CMakeFiles/tessera_core.dir/src/observables/SingletResidual.cpp.o
In file included from /home/andrew/feat/fiber-moments-bands/src/observables/SingletResidual.cpp:9:
/home/andrew/feat/fiber-moments-bands/include/cobordism/MultiCobordism.h:2337:9: warning: declaration of ‘using tessera::cobordism::MultiCobordism::ObjectiveTerms = struct tessera::cobordism::ObjectiveTerms’ changes meaning of ‘ObjectiveTerms’ [-Wchanges-meaning]
 2337 |   using ObjectiveTerms = ::tessera::cobordism::ObjectiveTerms;
      |         ^~~~~~~~~~~~~~
/home/andrew/feat/fiber-moments-bands/include/cobordism/MultiCobordism.h:1049:5: note: used here to mean ‘struct tessera::cobordism::ObjectiveTerms’
 1049 |     ObjectiveTerms terms;
      |     ^~~~~~~~~~~~~~
In file included from /home/andrew/feat/fiber-moments-bands/include/cobordism/MultiCobordism.h:12:
/home/andrew/feat/fiber-moments-bands/include/cobordism/CobordismObjective.h:35:8: note: declared here
   35 | struct ObjectiveTerms {
      |        ^~~~~~~~~~~~~~
[36/45] Building CXX object CMakeFiles/tessera_core.dir/src/observables/SpectralFiber.cpp.o
[37/45] Linking CXX static library libtessera_core.a
[38/45] Building CXX object CMakeFiles/tessera_quantum.dir/src/observables/FiberConnection.cpp.o
[39/45] Building CXX object CMakeFiles/tessera_quantum.dir/src/observables/ClusterRegister.cpp.o
[40/45] Building CXX object CMakeFiles/_tessera.dir/src/observables/Bindings.cpp.o
/home/andrew/feat/fiber-moments-bands/src/observables/Bindings.cpp: In function ‘void register_observables(pybind11::module_)’:
/home/andrew/feat/fiber-moments-bands/src/observables/Bindings.cpp:156:6: note: variable tracking size limit exceeded with ‘-fvar-tracking-assignments’, retrying without
  156 | void register_observables(py::module_ m) {
      |      ^~~~~~~~~~~~~~~~~~~~
